// Jest Snapshot v1, https://goo.gl/fbAQLP

exports[`Header should render 1`] = `
.c0 {
  margin: 0 0 var(--size-600) 0;
}

<header
  className="c0"
>
  Top title
</header>
`;
