// Jest Snapshot v1, https://goo.gl/fbAQLP

exports[`TextHeading should render 1`] = `
<h4
  className="text-heading__TextHeading-jmogz4-0 jtlteb"
>
  Small text heading
</h4>
`;
