// Jest Snapshot v1, https://goo.gl/fbAQLP

exports[`Title should render 1`] = `
<h1
  className=""
>
  Main page title
</h1>
`;
