// Jest Snapshot v1, https://goo.gl/fbAQLP

exports[`Text should render 1`] = `
.c0 {
  font-family: var(--base-font);
  font-size: 1.4rem;
  font-weight: 300;
  line-height: 1.65;
  margin: 0 0 var(--size-500) 0;
  padding: 0;
}

<p
  className="c0"
>
  Regular text ...
</p>
`;
