// Jest Snapshot v1, https://goo.gl/fbAQLP

exports[`Content should render 1`] = `
<div
  className="content__Content-sc-1fjjc5a-0 hukOzd"
>
  Much content
</div>
`;
