// Jest Snapshot v1, https://goo.gl/fbAQLP

exports[`Headline should render 1`] = `
<h2
  className=""
>
  Headline text
</h2>
`;
