// Jest Snapshot v1, https://goo.gl/fbAQLP

exports[`Address should render 1`] = `
<address
  className=""
>
  <p
    className=""
  >
    Home street 1
  </p>
</address>
`;
